{
  "schema": "garp23-ai-red-structural-v1",
  "generatedAt": "2026-08-29T10:33:25.416Z",
  "canaryId": "MTE8ST5Z-9COQ64F",
  "summary": {
    "structuralPassed": 33,
    "structuralFailed": 0,
    "structuralTotal": 33,
    "structuralStatus": "PASS",
    "behavioralStatus": "NOT_TESTED",
    "rt09Status": "NOT_TESTED",
    "redTeamGateMaximum": "AMBER"
  },
  "negativeControls": [
    {
      "id": "NC-AIRED-TRUST-BOUNDARY",
      "expectedUnsafe": "FAIL",
      "observedUnsafe": "FAIL",
      "expectedSafe": "PASS",
      "observedSafe": "PASS",
      "synthetic": true
    }
  ]
}
