{
  "schema": "ghrab-p3-quality-result-v1",
  "appId": "correspondence",
  "appVersion": "5.10.18",
  "contracts": {
    "accessibility": "ghrab-a11y-v1",
    "performance": "ghrab-performance-v1",
    "modules": "ghrab-lazy-modules-v1"
  },
  "metrics": {
    "schema": "ghrab-performance-report-v1",
    "appId": "correspondence",
    "appVersion": "5.10.18",
    "platformVersion": "1.1.2",
    "measuredAt": "2026-09-04T19:25:51.102Z",
    "distBytes": 1166810,
    "jsBytes": 138668,
    "cssBytes": 21736,
    "htmlBytes": 744279,
    "fileCount": 38,
    "fullHtmlCount": 2,
    "entryHtmlBytes": 675073,
    "entryCriticalBytes": 827256,
    "largestInlineScriptBytes": 513350,
    "precacheBytes": 1135583,
    "precacheAssetCount": 25,
    "largestFileBytes": 675073,
    "largestFilePath": "index.html",
    "duplicateLargeBytes": 12830
  },
  "budget": {
    "distBytes": 1275000,
    "entryHtmlBytes": 785000,
    "entryCriticalBytes": 935000,
    "largestInlineScriptBytes": 625000,
    "precacheBytes": 1245000,
    "largestFileBytes": 785000,
    "duplicateLargeBytes": 20000
  },
  "precacheAssets": [
    "access/error-reporter-adapter.js",
    "access/error-reporter.css",
    "access/error-reporter.js",
    "assets/brand/school-logo.png",
    "config/brand-manifest.json",
    "config/platform-manifest.json",
    "ghrab-platform.consumer.json",
    "ghrab/ghrab-app-registry-v2.schema.json",
    "ghrab/ghrab-artifact-envelope-v1.schema.json",
    "ghrab/ghrab-platform-manifest-1.1.2.json",
    "ghrab/ghrab-platform.css",
    "ghrab/ghrab-platform.js",
    "icons/apple-touch-icon.png",
    "icons/icon-128.png",
    "icons/icon-180.png",
    "icons/icon-192.png",
    "icons/icon-32.png",
    "icons/icon-48.png",
    "icons/icon-512.png",
    "icons/icon-72.png",
    "icons/icon-96.png",
    "icons/icon-maskable-512.png",
    "index.html",
    "manifest.webmanifest",
    "manual/index.html"
  ],
  "duplicateGroups": [
    [
      "icons/apple-touch-icon.png",
      "icons/icon-180.png"
    ]
  ],
  "checks": [
    {
      "id": "dist.exists",
      "ok": true,
      "detail": ""
    },
    {
      "id": "platform.version",
      "ok": true,
      "detail": "1.1.2"
    },
    {
      "id": "contract.a11y",
      "ok": true,
      "detail": "ghrab-a11y-v1"
    },
    {
      "id": "contract.performance",
      "ok": true,
      "detail": "ghrab-performance-v1"
    },
    {
      "id": "contract.modules",
      "ok": true,
      "detail": "ghrab-lazy-modules-v1"
    },
    {
      "id": "platform.runtime",
      "ok": true,
      "detail": ""
    },
    {
      "id": "platform.styles",
      "ok": true,
      "detail": ""
    },
    {
      "id": "a11y.reduced-motion",
      "ok": true,
      "detail": ""
    },
    {
      "id": "a11y.focus-visible",
      "ok": true,
      "detail": ""
    },
    {
      "id": "a11y.skip-link",
      "ok": true,
      "detail": ""
    },
    {
      "id": "a11y.html-documents",
      "ok": true,
      "detail": "2"
    },
    {
      "id": "a11y.lang:index.html",
      "ok": true,
      "detail": ""
    },
    {
      "id": "a11y.viewport:index.html",
      "ok": true,
      "detail": ""
    },
    {
      "id": "a11y.zoom:index.html",
      "ok": true,
      "detail": ""
    },
    {
      "id": "a11y.title:index.html",
      "ok": true,
      "detail": ""
    },
    {
      "id": "a11y.main:index.html",
      "ok": true,
      "detail": ""
    },
    {
      "id": "a11y.runtime:index.html",
      "ok": true,
      "detail": "platform=1; engine=0"
    },
    {
      "id": "a11y.lang:manual/index.html",
      "ok": true,
      "detail": ""
    },
    {
      "id": "a11y.viewport:manual/index.html",
      "ok": true,
      "detail": ""
    },
    {
      "id": "a11y.zoom:manual/index.html",
      "ok": true,
      "detail": ""
    },
    {
      "id": "a11y.title:manual/index.html",
      "ok": true,
      "detail": ""
    },
    {
      "id": "a11y.main:manual/index.html",
      "ok": true,
      "detail": ""
    },
    {
      "id": "a11y.runtime:manual/index.html",
      "ok": true,
      "detail": "platform=1; engine=0"
    },
    {
      "id": "budget.distBytes",
      "ok": true,
      "detail": "1166810 <= 1275000"
    },
    {
      "id": "budget.entryHtmlBytes",
      "ok": true,
      "detail": "675073 <= 785000"
    },
    {
      "id": "budget.entryCriticalBytes",
      "ok": true,
      "detail": "827256 <= 935000"
    },
    {
      "id": "budget.largestInlineScriptBytes",
      "ok": true,
      "detail": "513350 <= 625000"
    },
    {
      "id": "budget.precacheBytes",
      "ok": true,
      "detail": "1135583 <= 1245000"
    },
    {
      "id": "budget.largestFileBytes",
      "ok": true,
      "detail": "675073 <= 785000"
    },
    {
      "id": "budget.duplicateLargeBytes",
      "ok": true,
      "detail": "12830 <= 20000"
    },
    {
      "id": "budget.minimum-count",
      "ok": true,
      "detail": "7"
    }
  ],
  "warnings": [],
  "summary": {
    "total": 31,
    "passed": 31,
    "failed": 0,
    "warnings": 0
  }
}
