
> ghrab-korespondencni-asistent@5.10.22 pretest:reporter
> npm run build


> ghrab-korespondencni-asistent@5.10.22 build
> node scripts/build.mjs

[build] Korespondenční asistent: verze 5.10.22 · Core 1.0.0 ověřen SHA-256 · 8 AI operací · 14 aplikačních JS modulů · test hooks OFF · dist připraven
[P3] correspondence 5.10.22: platform 1.1.2, HTML 2, cache ghrab-correspondence-v5.10.22

> ghrab-korespondencni-asistent@5.10.22 postbuild
> node scripts/ghrab-platform-conformance.mjs

{
  "schema": "ghrab-platform-conformance-result-v1",
  "appId": "correspondence",
  "appVersion": "5.10.22",
  "total": 124,
  "passed": 124,
  "failed": 0,
  "checks": [
    {
      "label": "dist exists",
      "ok": true,
      "detail": ""
    },
    {
      "label": "satellite dist has no duplicate platform tree",
      "ok": true,
      "detail": ""
    },
    {
      "label": "satellite source has no duplicate platform tree",
      "ok": true,
      "detail": ""
    },
    {
      "label": "consumer schema",
      "ok": true,
      "detail": ""
    },
    {
      "label": "package ↔ consumer version",
      "ok": true,
      "detail": "5.10.22 / 5.10.22"
    },
    {
      "label": "platform contract",
      "ok": true,
      "detail": ""
    },
    {
      "label": "Studio Bridge contract",
      "ok": true,
      "detail": ""
    },
    {
      "label": "artifact envelope contract",
      "ok": true,
      "detail": ""
    },
    {
      "label": "artifact exports declared",
      "ok": true,
      "detail": ""
    },
    {
      "label": "artifact imports declared",
      "ok": true,
      "detail": ""
    },
    {
      "label": "native export formats declared",
      "ok": true,
      "detail": ""
    },
    {
      "label": "legacy JSON import policy declared",
      "ok": true,
      "detail": ""
    },
    {
      "label": "cache naming",
      "ok": true,
      "detail": "ghrab-correspondence-v5.10.22"
    },
    {
      "label": "storage migration declared",
      "ok": true,
      "detail": ""
    },
    {
      "label": "storage namespace rozbor_profile",
      "ok": true,
      "detail": "ghrab.correspondence.profile.v1"
    },
    {
      "label": "storage namespace rozbor_dict",
      "ok": true,
      "detail": "ghrab.correspondence.dictionary.v1"
    },
    {
      "label": "storage namespace rozbor_history",
      "ok": true,
      "detail": "ghrab.correspondence.history.v1"
    },
    {
      "label": "storage namespace rozbor_name_hints",
      "ok": true,
      "detail": "ghrab.correspondence.name-hints.v1"
    },
    {
      "label": "storage namespace rozbor_templates",
      "ok": true,
      "detail": "ghrab.correspondence.templates.v1"
    },
    {
      "label": "storage namespace rozbor_mode",
      "ok": true,
      "detail": "ghrab.correspondence.theme.v1"
    },
    {
      "label": "storage namespace rozbor_work_session_v2",
      "ok": true,
      "detail": "ghrab.correspondence.work-session.v2"
    },
    {
      "label": "storage namespace ks5_workbench_drafts",
      "ok": true,
      "detail": "ghrab.correspondence.workbench-drafts.v1"
    },
    {
      "label": "storage namespace ks5_signatures",
      "ok": true,
      "detail": "ghrab.correspondence.signatures.v1"
    },
    {
      "label": "storage namespace ks5_followups",
      "ok": true,
      "detail": "ghrab.correspondence.followups.v1"
    },
    {
      "label": "storage namespace ks5_blocks",
      "ok": true,
      "detail": "ghrab.correspondence.blocks.v1"
    },
    {
      "label": "storage namespace ks5_desk_collapsed",
      "ok": true,
      "detail": "ghrab.correspondence.desk-collapsed.v1"
    },
    {
      "label": "storage namespace ks5_recent_scenarios",
      "ok": true,
      "detail": "ghrab.correspondence.recent-scenarios.v1"
    },
    {
      "label": "storage namespace ks5_selected_signature",
      "ok": true,
      "detail": "ghrab.correspondence.selected-signature.v1"
    },
    {
      "label": "storage namespace rozbor_ui_mode",
      "ok": true,
      "detail": "ghrab.correspondence.ui-mode.v1"
    },
    {
      "label": "storage namespace rozbor_gemini_model",
      "ok": true,
      "detail": "ghrab.correspondence.ai.model.v1"
    },
    {
      "label": "storage namespace rozbor_gemini_key",
      "ok": true,
      "detail": "ghrab.correspondence.ai.key.local.v1"
    },
    {
      "label": "storage namespace rozbor_gemini_key_session",
      "ok": true,
      "detail": "ghrab.correspondence.ai.key.session.v1"
    },
    {
      "label": "storage namespace rozbor_security_guide_seen_v1",
      "ok": true,
      "detail": "ghrab.correspondence.security-guide-seen.v1"
    },
    {
      "label": "storage namespace rozbor_tour_seen_v1",
      "ok": true,
      "detail": "ghrab.correspondence.tour-seen.v1"
    },
    {
      "label": "storage namespace rozbor_",
      "ok": true,
      "detail": "ghrab.correspondence.legacy.rozbor."
    },
    {
      "label": "storage namespace ks5_",
      "ok": true,
      "detail": "ghrab.correspondence.legacy.ks5."
    },
    {
      "label": "vendor ghrab-platform.js",
      "ok": true,
      "detail": ""
    },
    {
      "label": "vendor hash ghrab-platform.js",
      "ok": true,
      "detail": ""
    },
    {
      "label": "dist ghrab-platform.js",
      "ok": true,
      "detail": ""
    },
    {
      "label": "dist hash ghrab-platform.js",
      "ok": true,
      "detail": ""
    },
    {
      "label": "vendor ghrab-platform.css",
      "ok": true,
      "detail": ""
    },
    {
      "label": "vendor hash ghrab-platform.css",
      "ok": true,
      "detail": ""
    },
    {
      "label": "dist ghrab-platform.css",
      "ok": true,
      "detail": ""
    },
    {
      "label": "dist hash ghrab-platform.css",
      "ok": true,
      "detail": ""
    },
    {
      "label": "vendor ghrab-artifact-envelope-v1.schema.json",
      "ok": true,
      "detail": ""
    },
    {
      "label": "vendor hash ghrab-artifact-envelope-v1.schema.json",
      "ok": true,
      "detail": ""
    },
    {
      "label": "dist ghrab-artifact-envelope-v1.schema.json",
      "ok": true,
      "detail": ""
    },
    {
      "label": "dist hash ghrab-artifact-envelope-v1.schema.json",
      "ok": true,
      "detail": ""
    },
    {
      "label": "vendor ghrab-app-registry-v2.schema.json",
      "ok": true,
      "detail": ""
    },
    {
      "label": "vendor hash ghrab-app-registry-v2.schema.json",
      "ok": true,
      "detail": ""
    },
    {
      "label": "dist ghrab-app-registry-v2.schema.json",
      "ok": true,
      "detail": ""
    },
    {
      "label": "dist hash ghrab-app-registry-v2.schema.json",
      "ok": true,
      "detail": ""
    },
    {
      "label": "vendor school-logo.png",
      "ok": true,
      "detail": ""
    },
    {
      "label": "vendor hash school-logo.png",
      "ok": true,
      "detail": ""
    },
    {
      "label": "dist school-logo.png",
      "ok": true,
      "detail": ""
    },
    {
      "label": "dist hash school-logo.png",
      "ok": true,
      "detail": ""
    },
    {
      "label": "dist ghrab-platform.consumer.json",
      "ok": true,
      "detail": ""
    },
    {
      "label": "dist config/platform-manifest.json",
      "ok": true,
      "detail": ""
    },
    {
      "label": "dist config/brand-manifest.json",
      "ok": true,
      "detail": ""
    },
    {
      "label": "dist platform-build-info.json",
      "ok": true,
      "detail": ""
    },
    {
      "label": "built consumer identity",
      "ok": true,
      "detail": ""
    },
    {
      "label": "built platform manifest contract",
      "ok": true,
      "detail": ""
    },
    {
      "label": "built platform cache metadata",
      "ok": true,
      "detail": ""
    },
    {
      "label": "built service-worker contract",
      "ok": true,
      "detail": ""
    },
    {
      "label": "built artifact contracts",
      "ok": true,
      "detail": ""
    },
    {
      "label": "data manifest migration id",
      "ok": true,
      "detail": ""
    },
    {
      "label": "data manifest canonical prefix",
      "ok": true,
      "detail": ""
    },
    {
      "label": "data manifest artifact exports",
      "ok": true,
      "detail": ""
    },
    {
      "label": "data manifest artifact imports",
      "ok": true,
      "detail": ""
    },
    {
      "label": "canonical logo manifest hash",
      "ok": true,
      "detail": ""
    },
    {
      "label": "no inline school logo base64",
      "ok": true,
      "detail": ""
    },
    {
      "label": "no legacy school logo reference",
      "ok": true,
      "detail": ""
    },
    {
      "label": "no obsolete top-level platform references in satellite build",
      "ok": true,
      "detail": ""
    },
    {
      "label": "platform contract present in build",
      "ok": true,
      "detail": ""
    },
    {
      "label": "full eligible HTML documents found",
      "ok": true,
      "detail": ""
    },
    {
      "label": "exactly one platform loader index.html",
      "ok": true,
      "detail": "1"
    },
    {
      "label": "exactly one platform config index.html",
      "ok": true,
      "detail": "1"
    },
    {
      "label": "app identity index.html",
      "ok": true,
      "detail": ""
    },
    {
      "label": "theme root contract index.html",
      "ok": true,
      "detail": ""
    },
    {
      "label": "exactly one platform loader manual/index.html",
      "ok": true,
      "detail": "1"
    },
    {
      "label": "exactly one platform config manual/index.html",
      "ok": true,
      "detail": "1"
    },
    {
      "label": "app identity manual/index.html",
      "ok": true,
      "detail": ""
    },
    {
      "label": "theme root contract manual/index.html",
      "ok": true,
      "detail": ""
    },
    {
      "label": "service worker exists",
      "ok": true,
      "detail": ""
    },
    {
      "label": "service worker canonical cache",
      "ok": true,
      "detail": ""
    },
    {
      "label": "service worker contract marker",
      "ok": true,
      "detail": ""
    },
    {
      "label": "service worker legacy cleanup list",
      "ok": true,
      "detail": ""
    },
    {
      "label": "service worker update protocol",
      "ok": true,
      "detail": ""
    },
    {
      "label": "service worker platform precache",
      "ok": true,
      "detail": ""
    },
    {
      "label": "service worker P3 asset list",
      "ok": true,
      "detail": ""
    },
    {
      "label": "no automatic skipWaiting during install",
      "ok": true,
      "detail": ""
    },
    {
      "label": "service worker no-store bypass",
      "ok": true,
      "detail": ""
    },
    {
      "label": "service worker no obsolete satellite platform asset",
      "ok": true,
      "detail": ""
    },
    {
      "label": "PWA manifest exists",
      "ok": true,
      "detail": ""
    },
    {
      "label": "PWA version",
      "ok": true,
      "detail": ""
    },
    {
      "label": "PWA platform contract",
      "ok": true,
      "detail": ""
    },
    {
      "label": "PWA cache metadata",
      "ok": true,
      "detail": ""
    },
    {
      "label": "PWA app identity",
      "ok": true,
      "detail": ""
    },
    {
      "label": "runtime identity",
      "ok": true,
      "detail": ""
    },
    {
      "label": "runtime previous platform rejected",
      "ok": true,
      "detail": ""
    },
    {
      "label": "runtime current accepted",
      "ok": true,
      "detail": ""
    },
    {
      "label": "runtime n+1 accepted",
      "ok": true,
      "detail": ""
    },
    {
      "label": "runtime major rejected",
      "ok": true,
      "detail": ""
    },
    {
      "label": "storage alias reads migrated value",
      "ok": true,
      "detail": ""
    },
    {
      "label": "canonical storage value created",
      "ok": true,
      "detail": ""
    },
    {
      "label": "storage alias writes canonical key",
      "ok": true,
      "detail": ""
    },
    {
      "label": "storage migration idempotent",
      "ok": true,
      "detail": ""
    },
    {
      "label": "storage migration rollback",
      "ok": true,
      "detail": ""
    },
    {
      "label": "rollback restored original value",
      "ok": true,
      "detail": ""
    },
    {
      "label": "Studio Bridge v2 create",
      "ok": true,
      "detail": ""
    },
    {
      "label": "Studio Bridge v2 peek",
      "ok": true,
      "detail": ""
    },
    {
      "label": "Studio Bridge v2 take",
      "ok": true,
      "detail": ""
    },
    {
      "label": "Studio Bridge consumes once",
      "ok": true,
      "detail": ""
    },
    {
      "label": "artifact envelope SHA-256",
      "ok": true,
      "detail": ""
    },
    {
      "label": "artifact envelope unwrap",
      "ok": true,
      "detail": ""
    },
    {
      "label": "artifact envelope detection",
      "ok": true,
      "detail": ""
    },
    {
      "label": "artifact envelope unwrapMaybe",
      "ok": true,
      "detail": ""
    },
    {
      "label": "legacy artifact compatibility",
      "ok": true,
      "detail": ""
    },
    {
      "label": "theme contract runtime",
      "ok": true,
      "detail": ""
    },
    {
      "label": "artifact compatibility facade",
      "ok": true,
      "detail": ""
    },
    {
      "label": "accessibility runtime contract",
      "ok": true,
      "detail": ""
    },
    {
      "label": "performance runtime contract",
      "ok": true,
      "detail": ""
    },
    {
      "label": "lazy module runtime contract",
      "ok": true,
      "detail": ""
    },
    {
      "label": "lazy script loader available",
      "ok": true,
      "detail": ""
    }
  ]
}

> ghrab-korespondencni-asistent@5.10.22 test:reporter
> node scripts/test-error-reporter.mjs

PASS: Patch verze v package.json — 5.10.22
PASS: Existuje src/access/error-reporter.js
PASS: Existuje src/access/error-reporter.css
PASS: Existuje src/access/error-reporter-adapter.js
PASS: Ochrana jediné instance používá ghrab-error-reporter
PASS: Kanonický reportér má verzi 1.1.0
PASS: Reportér zveřejňuje clearDraft pro bezpečné Ukončit práci
PASS: Limit je přesně pět screenshotů
PASS: Finální compose URL je omezena na 7000 znaků
PASS: Zkracování zachovává plné tělo a krátí diagnostiku jako první
PASS: Primární akce pouze připraví ZIP
PASS: ZIP má po vytvoření přímý odkaz download
PASS: Gmail se zpřístupní až po kliknutí na stažení
PASS: Zakázaný window.open se nepoužívá
PASS: Neexistuje stará přímá funkce sdílení balíčku
PASS: ZIP obsahuje povinné soubory
PASS: ZIP vyžaduje alespoň jeden screenshot
PASS: Schéma ZIP diagnostiky je v3 a rozlišuje tři časy
PASS: Zavření používá jednotný requestClose
PASS: Úplné smazání maže data, ID, chyby, ZIP a stream
PASS: Nové hlášení po dokončeném reportu dostane nové ID
PASS: Dialog obsahuje focus trap a obnovu předchozího fokusu
PASS: Rozhraní i e-mail výslovně upozorňují na ruční přílohu
PASS: Přechod do aplikace je samostatné tlačítko
PASS: Plovoucí panel má všechny tři akce
PASS: Reportér se při pořízení snímku skrývá
PASS: Technické chyby pokrývají JS, Promise, HTTP a síť
PASS: Citlivé technické texty se sanitizují
PASS: Bezpečná URL odstraňuje query/hash a citlivé segmenty
PASS: CSS podporuje světlý režim
PASS: CSS podporuje tmavý režim
PASS: CSS respektuje safe-area
PASS: CSS má responzivní panel snímání
PASS: CSS skrývá reportér při samotném snímku
PASS: Živý obraz snímání nemůže být viditelný v aplikaci
PASS: Adaptér má správné appId
PASS: Adaptér má správnou verzi
PASS: Adaptér má bezpečný e-mailový fallback
PASS: Adaptér odkazuje na deployment-aware centrální návod
PASS: Adaptér má aplikační resolver motivu
PASS: src/index.template.html: centrální reportér je vypnut
PASS: src/index.template.html: lokální adaptér se načítá
PASS: src/index.template.html: KS spouští reportér neblokujícím importem s catch
PASS: Lokální manuál odkazuje na aktuální centrální návod
PASS: Lokální manuál nevytváří vlastní reportér
PASS: Lokální manuál popisuje pět snímků, koncept, ZIP, Gmail a soukromí
PASS: src/sw.js: service worker cachuje společné soubory reportéru
PASS: src/sw.js: obsahuje verzi 5.10.22
PASS: src/manual/index.html: obsahuje verzi 5.10.22
PASS: src/js/10-release-changelog.js: obsahuje verzi 5.10.22
PASS: README.md: obsahuje verzi 5.10.22
PASS: Nezůstala stará paralelní implementace KS
NOT_READY: Prohlížečová část reportéru nebyla spuštěna — Spravovaná politika URLBlocklist blokuje všechny testovací stránky (/etc/chromium/policies/managed/000_policy_merge.json).

Souhrn reportéru Korespondenční asistent 5.10.22: 52 PASS / 0 FAIL
