PASS: Patch verze v package.json — 5.10.12
PASS: Existuje src/access/error-reporter.js
PASS: Existuje src/access/error-reporter.css
PASS: Existuje src/access/error-reporter-adapter.js
PASS: Ochrana jediné instance používá ghrab-error-reporter
PASS: Kanonický reportér má verzi 1.1.0
PASS: Reportér zveřejňuje clearDraft pro bezpečné Ukončit práci
PASS: Limit je přesně pět screenshotů
PASS: Finální compose URL je omezena na 7000 znaků
PASS: Zkracování zachovává plné tělo a krátí diagnostiku jako první
PASS: Primární akce pouze připraví ZIP
PASS: ZIP má po vytvoření přímý odkaz download
PASS: Gmail se zpřístupní až po kliknutí na stažení
PASS: Zakázaný window.open se nepoužívá
PASS: Neexistuje stará přímá funkce sdílení balíčku
PASS: ZIP obsahuje povinné soubory
PASS: ZIP vyžaduje alespoň jeden screenshot
PASS: Schéma ZIP diagnostiky je v3 a rozlišuje tři časy
PASS: Zavření používá jednotný requestClose
PASS: Úplné smazání maže data, ID, chyby, ZIP a stream
PASS: Nové hlášení po dokončeném reportu dostane nové ID
PASS: Dialog obsahuje focus trap a obnovu předchozího fokusu
PASS: Rozhraní i e-mail výslovně upozorňují na ruční přílohu
PASS: Přechod do aplikace je samostatné tlačítko
PASS: Plovoucí panel má všechny tři akce
PASS: Reportér se při pořízení snímku skrývá
PASS: Technické chyby pokrývají JS, Promise, HTTP a síť
PASS: Citlivé technické texty se sanitizují
PASS: Bezpečná URL odstraňuje query/hash a citlivé segmenty
PASS: CSS podporuje světlý režim
PASS: CSS podporuje tmavý režim
PASS: CSS respektuje safe-area
PASS: CSS má responzivní panel snímání
PASS: CSS skrývá reportér při samotném snímku
PASS: Živý obraz snímání nemůže být viditelný v aplikaci
PASS: Adaptér má správné appId
PASS: Adaptér má správnou verzi
PASS: Adaptér má bezpečný e-mailový fallback
PASS: Adaptér odkazuje na deployment-aware centrální návod
PASS: Adaptér má aplikační resolver motivu
PASS: src/index.template.html: centrální reportér je vypnut
PASS: src/index.template.html: lokální adaptér se načítá
PASS: src/index.template.html: KS spouští reportér neblokujícím importem s catch
PASS: Lokální manuál odkazuje na aktuální centrální návod
PASS: Lokální manuál nevytváří vlastní reportér
PASS: Lokální manuál popisuje pět snímků, koncept, ZIP, Gmail a soukromí
PASS: src/sw.js: service worker cachuje společné soubory reportéru
PASS: src/sw.js: obsahuje verzi 5.10.12
PASS: src/manual/index.html: obsahuje verzi 5.10.12
PASS: src/js/10-release-changelog.js: obsahuje verzi 5.10.12
PASS: README.md: obsahuje verzi 5.10.12
PASS: Nezůstala stará paralelní implementace KS
NOT_READY: Prohlížečová část reportéru nebyla spuštěna — Spravovaná politika URLBlocklist blokuje všechny testovací stránky (/etc/chromium/policies/managed/000_policy_merge.json).

Souhrn reportéru Korespondenční asistent 5.10.12: 52 PASS / 0 FAIL
