$ npm run qa:garp27:contracts
EXIT=0

STDOUT

> ghrab-korespondencni-asistent@5.10.29 qa:garp27:contracts
> node scripts/garp27/contract-gate.mjs

{
  "classification": "GARP27_CONTRACT_GATE",
  "status": "PASS",
  "garpVersion": "2.7",
  "consolidationRevision": "2026-09-23-r2",
  "serverPhase": "DEFERRED_BY_OWNER_DECISION",
  "results": [
    {
      "id": "package-selftest",
      "expectedExit": 0,
      "actualExit": 0,
      "pass": true,
      "stdout": "{\n  \"classification\": \"PACKAGE_SELFTEST\",\n  \"status\": \"PASS\",\n  \"checks\": 19,\n  \"passed\": 19,\n  \"scope\": \"package-integrity-and-contract-consistency-only\",\n  \"appBehaviorTest\": false,\n  \"liveTest\": false,\n  \"checkDigest\": \"ddc64e0f88ff82e4af9440a3e8f5dcabafa83eb7ab45bf7efb2d84b4b34f47e5\",\n  \"details\": [\n    {\n      \"id\": \"file:00-CTI-ME.txt\",\n      \"pass\": true\n    },\n    {\n      \"id\": \"file:01-GARP-2.7-BEZPECNOSTNI-PROTOKOL.md\",\n      \"pass\": true\n    },\n    {\n      \"id\": \"file:02-AUDIT-VSTUPNIHO-BALIKU.md\",\n      \"pass\": true\n    },\n    {\n      \"id\": \"file:03-RED-TEAM-KATALOG.json\",\n      \"pass\": true\n    },\n    {\n      \"id\": \"file:04-IMPLEMENTACNI-ZADANI.txt\",\n      \"pass\": true\n    },\n    {\n      \"id\": \"file:10-CONSOLIDATION-R2-G02.md\",\n      \"pass\": true\n    },\n    {\n      \"id\": \"file:MASTER/CONTRACTS/garp27-core.json\",\n      \"pass\": true\n    },\n    {\n      \"id\": \"file:MASTER/INVENTORY/ecosystem-apps.json\",\n      \"pass\": true\n    },\n    {\n      \"id\": \"file:MASTER/TOOLS/validate-policy.mjs\",\n      \"pass\": true\n    },\n    {\n      \"id\": \"file:MASTER/TOOLS/validate-assurance.mjs\",\n      \"pass\": true\n    },\n    {\n      \"id\": \"file:MASTER/TOOLS/validate-auto-patch.mjs\",\n      \"pass\": true\n    },\n    {\n      \"id\": \"file:MASTER/TOOLS/validate-live-status.mjs\",\n      \"pass\": true\n    },\n    {\n      \"id\": \"file:MASTER/TOOLS/validate-runtime-test-request.mjs\",\n      \"pass\": true\n    },\n    {\n      \"id\": \"file:MASTER/TOOLS/contract-selftest.mjs\",\n      \"pass\": true\n    },\n    {\n      \"id\": \"red-team-catalog-nonempty\",\n      \"pass\": true\n    },\n    {\n      \"id\": \"garp-version-2.7\",\n      \"pass\": true\n    },\n    {\n      \"id\": \"server-deferred\",\n      \"pass\": true\n    },\n    {\n      \"id\": \"policy-semantic-contract-complete\",\n      \"pass\": true\n    },\n    {\n      \"id\": \"ecosystem-inventory-nonempty-unique\",\n      \"pass\": true\n    }\n  ]\n}",
      "stderr": ""
    },
    {
      "id": "trusted-package-check-digest",
      "expectedExit": 0,
      "actualExit": 0,
      "pass": true,
      "expectedDigest": "ddc64e0f88ff82e4af9440a3e8f5dcabafa83eb7ab45bf7efb2d84b4b34f47e5",
      "observedDigest": "ddc64e0f88ff82e4af9440a3e8f5dcabafa83eb7ab45bf7efb2d84b4b34f47e5"
    },
    {
      "id": "contract-selftest",
      "expectedExit": 0,
      "actualExit": 0,
      "pass": true,
      "stdout": "{\n  \"classification\": \"CONTRACT_TEST\",\n  \"status\": \"PASS\",\n  \"checks\": 25,\n  \"passed\": 25,\n  \"scope\": \"reference-validator-positive-negative-tests\",\n  \"appBehaviorTest\": false,\n  \"liveTest\": false,\n  \"g02\": {\n    \"status\": \"PASS\",\n    \"checks\": 5\n  },\n  \"results\": [\n    {\n      \"id\": \"A01-positive-foundation-with-live-deferred\",\n      \"expectedExit\": 0,\n      \"actualExit\": 0,\n      \"pass\": true,\n      \"stdout\": \"{\\n  \\\"classification\\\": \\\"CONTRACT_TEST\\\",\\n  \\\"status\\\": \\\"PASS\\\",\\n  \\\"derivedOverall\\\": \\\"FOUNDATION_PASS_LIVE_NOT_TESTED\\\",\\n  \\\"foundationPass\\\": true,\\n  \\\"liveStatus\\\": \\\"NOT_TESTED\\\",\\n  \\\"notes\\\": []\\n}\",\n      \"stderr\": \"\"\n    },\n    {\n      \"id\": \"A01-reject-contradictory-pass\",\n      \"expectedExit\": 1,\n      \"actualExit\": 1,\n      \"pass\": true,\n      \"stdout\": \"{\\n  \\\"classification\\\": \\\"CONTRACT_TEST\\\",\\n  \\\"status\\\": \\\"FAIL\\\",\\n  \\\"message\\\": \\\"Assurance admission failed\\\",\\n  \\\"details\\\": {\\n    \\\"derivedOverall\\\": \\\"FAIL\\\",\\n    \\\"errors\\\": [\\n      \\\"AG-01-policy: failing assurance axes\\\",\\n      \\\"overall mismatch: declared=PASS derived=FAIL\\\"\\n    ]\\n  }\\n}\",\n      \"stderr\": \"\"\n    },\n    {\n      \"id\": \"A01-reject-pass-without-evidence\",\n      \"expectedExit\": 1,\n      \"actualExit\": 1,\n      \"pass\": true,\n      \"stdout\": \"{\\n  \\\"classification\\\": \\\"CONTRACT_TEST\\\",\\n  \\\"status\\\": \\\"FAIL\\\",\\n  \\\"message\\\": \\\"Assurance admission failed\\\",\\n  \\\"details\\\": {\\n    \\\"derivedOverall\\\": \\\"FAIL\\\",\\n    \\\"errors\\\": [\\n      \\\"AG-01-policy: evidence required\\\"\\n    ]\\n  }\\n}\",\n      \"stderr\": \"\"\n    },\n    {\n      \"id\": \"A01-reject-duplicate-components\",\n      \"expectedExit\": 1,\n      \"actualExit\": 1,\n      \"pass\": true,\n      \"stdout\": \"{\\n  \\\"classification\\\": \\\"CONTRACT_TEST\\\",\\n  \\\"status\\\": \\\"FAIL\\\",\\n  \\\"message\\\": \\\"Assurance admission failed\\\",\\n  \\\"details\\\": {\\n    \\\"derivedOverall\\\": \\\"FAIL\\\",\\n    \\\"errors\\\": [\\n      \\\"components must be unique\\\"\\n    ]\\n  }\\n}\",\n      \"stderr\": \"\"\n    },\n    {\n      \"id\": \"A01-A04-reject-missing-environment\",\n      \"expectedExit\": 1,\n      \"actualExit\": 1,\n      \"pass\": true,\n      \"stdout\": \"{\\n  \\\"classification\\\": \\\"CONTRACT_TEST\\\",\\n  \\\"status\\\": \\\"FAIL\\\",\\n  \\\"message\\\": \\\"Assurance admission failed\\\",\\n  \\\"details\\\": {\\n    \\\"derivedOverall\\\": \\\"FAIL\\\",\\n    \\\"errors\\\": [\\n      \\\"environment required\\\"\\n    ]\\n  }\\n}\",\n      \"stderr\": \"\"\n    },\n    {\n      \"id\": \"A01-reject-untrusted-evidence\",\n      \"expectedExit\": 1,\n      \"actualExit\": 1,\n      \"pass\": true,\n      \"stdout\": \"{\\n  \\\"classification\\\": \\\"CONTRACT_TEST\\\",\\n  \\\"status\\\": \\\"FAIL\\\",\\n  \\\"message\\\": \\\"Assurance admission failed\\\",\\n  \\\"details\\\": {\\n    \\\"derivedOverall\\\": \\\"FAIL\\\",\\n    \\\"errors\\\": [\\n      \\\"AG-01-policy: untrusted evidence policy\\\"\\n    ]\\n  }\\n}\",\n      \"stderr\": \"\"\n    },\n    {\n      \"id\": \"A02-A03-positive-committed\",\n      \"expectedExit\": 0,\n      \"actualExit\": 0,\n      \"pass\": true,\n      \"stdout\": \"{\\n  \\\"classification\\\": \\\"CONTRACT_TEST\\\",\\n  \\\"status\\\": \\\"PASS\\\",\\n  \\\"state\\\": \\\"COMMITTED\\\",\\n  \\\"releaseId\\\": \\\"rel-4\\\",\\n  \\\"sequence\\\": 3,\\n  \\\"gates\\\": 2\\n}\",\n      \"stderr\": \"\"\n    },\n    {\n      \"id\": \"A02-reject-empty-gates\",\n      \"expectedExit\": 1,\n      \"actualExit\": 1,\n      \"pass\": true,\n      \"stdout\": \"{\\n  \\\"classification\\\": \\\"CONTRACT_TEST\\\",\\n  \\\"status\\\": \\\"FAIL\\\",\\n  \\\"message\\\": \\\"Auto-patch admission failed\\\",\\n  \\\"details\\\": [\\n    \\\"gate foundation: missing\\\",\\n    \\\"gate architecture: missing\\\"\\n  ]\\n}\",\n      \"stderr\": \"\"\n    },\n    {\n      \"id\": \"A02-reject-all-gates-na\",\n      \"expectedExit\": 1,\n      \"actualExit\": 1,\n      \"pass\": true,\n      \"stdout\": \"{\\n  \\\"classification\\\": \\\"CONTRACT_TEST\\\",\\n  \\\"status\\\": \\\"FAIL\\\",\\n  \\\"message\\\": \\\"Auto-patch admission failed\\\",\\n  \\\"details\\\": [\\n    \\\"gate foundation: N/A forbidden\\\",\\n    \\\"gate architecture: N/A forbidden\\\"\\n  ]\\n}\",\n      \"stderr\": \"\"\n    },\n    {\n      \"id\": \"A03-reject-untrusted-source-and-evidence\",\n      \"expectedExit\": 1,\n      \"actualExit\": 1,\n      \"pass\": true,\n      \"stdout\": \"{\\n  \\\"classification\\\": \\\"CONTRACT_TEST\\\",\\n  \\\"status\\\": \\\"FAIL\\\",\\n  \\\"message\\\": \\\"Auto-patch admission failed\\\",\\n  \\\"details\\\": [\\n    \\\"source not trusted/allowlisted\\\",\\n    \\\"gate foundation: untrusted evidence gate1\\\"\\n  ]\\n}\",\n      \"stderr\": \"\"\n    },\n    {\n      \"id\": \"A03-reject-replay-sequence\",\n      \"expectedExit\": 1,\n      \"actualExit\": 1,\n      \"pass\": true,\n      \"stdout\": \"{\\n  \\\"classification\\\": \\\"CONTRACT_TEST\\\",\\n  \\\"status\\\": \\\"FAIL\\\",\\n  \\\"message\\\": \\\"Auto-patch admission failed\\\",\\n  \\\"details\\\": [\\n    \\\"replay sequence below trusted minimum\\\"\\n  ]\\n}\",\n      \"stderr\": \"\"\n    },\n    {\n      \"id\": \"A03-valid-transition-prepared-validated\",\n      \"expectedExit\": 0,\n      \"actualExit\": 0,\n      \"pass\": true,\n      \"stdout\": \"{\\n  \\\"classification\\\": \\\"CONTRACT_TEST\\\",\\n  \\\"status\\\": \\\"PASS\\\",\\n  \\\"transition\\\": \\\"PREPARED>VALIDATED\\\",\\n  \\\"releaseId\\\": \\\"rel-4\\\",\\n  \\\"sequence\\\": 3\\n}\",\n      \"stderr\": \"\"\n    },\n    {\n      \"id\": \"A03-reject-direct-prepared-committed\",\n      \"expectedExit\": 1,\n      \"actualExit\": 1,\n      \"pass\": true,\n      \"stdout\": \"{\\n  \\\"classification\\\": \\\"CONTRACT_TEST\\\",\\n  \\\"status\\\": \\\"FAIL\\\",\\n  \\\"message\\\": \\\"Auto-patch state transition rejected\\\",\\n  \\\"details\\\": [\\n    \\\"forbidden transition PREPARED>COMMITTED\\\"\\n  ]\\n}\",\n      \"stderr\": \"\"\n    },\n    {\n      \"id\": \"A04-A05-policy-positive-2.7\",\n      \"expectedExit\": 0,\n      \"actualExit\": 0,\n      \"pass\": true,\n      \"stdout\": \"{\\n  \\\"classification\\\": \\\"CONTRACT_TEST\\\",\\n  \\\"status\\\": \\\"PASS\\\",\\n  \\\"contract\\\": \\\"garp27-policy-v1\\\",\\n  \\\"appId\\\": \\\"demo\\\",\\n  \\\"appVersion\\\": \\\"1.0.0\\\",\\n  \\\"inventory\\\": \\\"/tmp/garp27-contract-dIEqDS/inventory.json\\\"\\n}\",\n      \"stderr\": \"\"\n    },\n    {\n      \"id\": \"A04-A05-policy-reject-empty-and-2.6\",\n      \"expectedExit\": 1,\n      \"actualExit\": 1,\n      \"pass\": true,\n      \"stdout\": \"{\\n  \\\"classification\\\": \\\"CONTRACT_TEST\\\",\\n  \\\"status\\\": \\\"FAIL\\\",\\n  \\\"message\\\": \\\"GARP 2.7 policy is not admissible\\\",\\n  \\\"details\\\": [\\n    \\\"garpVersion must be 2.7; legacy 2.5/2.6 requires explicit migration review\\\",\\n    \\\"identity: required non-empty object\\\"\\n  ]\\n}\",\n      \"stderr\": \"\"\n    },\n    {\n      \"id\": \"A04-policy-reject-placeholder\",\n      \"expectedExit\": 1,\n      \"actualExit\": 1,\n      \"pass\": true,\n      \"stdout\": \"{\\n  \\\"classification\\\": \\\"CONTRACT_TEST\\\",\\n  \\\"status\\\": \\\"FAIL\\\",\\n  \\\"message\\\": \\\"GARP 2.7 policy is not admissible\\\",\\n  \\\"details\\\": [\\n    \\\"incident.response: forbidden placeholder value\\\"\\n  ]\\n}\",\n      \"stderr\": \"\"\n    },\n    {\n      \"id\": \"G02-reject-untouched-template\",\n      \"expectedExit\": 1,\n      \"actualExit\": 1,\n      \"pass\": true,\n      \"stdout\": \"{\\n  \\\"classification\\\": \\\"CONTRACT_TEST\\\",\\n  \\\"status\\\": \\\"FAIL\\\",\\n  \\\"message\\\": \\\"GARP 2.7 policy is not admissible\\\",\\n  \\\"details\\\": [\\n    \\\"appId not present in inventory: replace-with-app-id\\\",\\n    \\\"appVersion 0.0.0 is not admissible\\\",\\n    \\\"identity: requires at least 1 semantic field(s) from [rule, controls, authentication, authorization, session, standaloneProfile, schoolProfile, provider, roles]\\\",\\n    \\\"requestApiAi: requires at least 1 semantic field(s) from [registry, registeredOperations, controls, operations, agentic, requestPolicy, aiPolicy, maxCallsPerOperation, modelPolicy]\\\",\\n    \\\"egress: requires at least 1 semantic field(s) from [standalone, school, crossApp, allowedDestinations, allowedEgress, defaultDeny, networkPolicy, providerEgress]\\\",\\n    \\\"files: requires at least 1 semantic field(s) from [currentBoundary, serverBoundary, uploads, imports, uploadPolicy, importPolicy, quarantine, allowedMimeTypes, maxBytes]\\\",\\n    \\\"dataLifecycle: requires at least 1 semantic field(s) from [classification, storage, retention, deletion, retentionDays, temporaryDataTtlMinutes, securityLogContentPolicy]\\\",\\n    \\\"release: requires at least 1 semantic field(s) from [activeAuthority, promotion, publicAssurance, signing, signedReleaseRequired, antiRollbackRequired, rollback, releasePolicy]\\\",\\n    \\\"inventory: requires at least 1 semantic field(s) from [source, architecturePolicy, changeRule, components, dependencies, inventoryPolicy]\\\",\\n    \\\"securityHealth: requires at least 1 semantic field(s) from [localCi, live, failureMode, checks, monitoring, assurance, healthPolicy]\\\",\\n    \\\"incident: requires at least 1 semantic field(s) from [current, future, response, escalation, contacts, incidentPolicy]\\\",\\n    \\\"recovery: requires at least 1 semantic field(s) from [current, future, rollback, restore, backup, recoveryPolicy]\\\",\\n    \\\"appId: placeholder substring: replace-with\\\",\\n    \\\"identity.mode: forbidden placeholder value\\\",\\n    \\\"requestApiAi.mode: forbidden placeholder value\\\",\\n    \\\"egress.mode: forbidden placeholder value\\\",\\n    \\\"files.mode: forbidden placeholder value\\\",\\n    \\\"dataLifecycle.mode: forbidden placeholder value\\\",\\n    \\\"release.mode: forbidden placeholder value\\\",\\n    \\\"inventory.mode: forbidden placeholder value\\\",\\n    \\\"securityHealth.mode: forbidden placeholder value\\\",\\n    \\\"incident.mode: forbidden placeholder value\\\",\\n    \\\"recovery.mode: forbidden placeholder value\\\"\\n  ]\\n}\",\n      \"stderr\": \"\"\n    },\n    {\n      \"id\": \"G02-reject-unknown-app-id\",\n      \"expectedExit\": 1,\n      \"actualExit\": 1,\n      \"pass\": true,\n      \"stdout\": \"{\\n  \\\"classification\\\": \\\"CONTRACT_TEST\\\",\\n  \\\"status\\\": \\\"FAIL\\\",\\n  \\\"message\\\": \\\"GARP 2.7 policy is not admissible\\\",\\n  \\\"details\\\": [\\n    \\\"appId not present in inventory: ghost-app\\\"\\n  ]\\n}\",\n      \"stderr\": \"\"\n    },\n    {\n      \"id\": \"G02-reject-zero-version\",\n      \"expectedExit\": 1,\n      \"actualExit\": 1,\n      \"pass\": true,\n      \"stdout\": \"{\\n  \\\"classification\\\": \\\"CONTRACT_TEST\\\",\\n  \\\"status\\\": \\\"FAIL\\\",\\n  \\\"message\\\": \\\"GARP 2.7 policy is not admissible\\\",\\n  \\\"details\\\": [\\n    \\\"appVersion 0.0.0 is not admissible\\\"\\n  ]\\n}\",\n      \"stderr\": \"\"\n    },\n    {\n      \"id\": \"G02-reject-mode-only-sections\",\n      \"expectedExit\": 1,\n      \"actualExit\": 1,\n      \"pass\": true,\n      \"stdout\": \"{\\n  \\\"classification\\\": \\\"CONTRACT_TEST\\\",\\n  \\\"status\\\": \\\"FAIL\\\",\\n  \\\"message\\\": \\\"GARP 2.7 policy is not admissible\\\",\\n  \\\"details\\\": [\\n    \\\"identity: requires at least 1 semantic field(s) from [rule, controls, authentication, authorization, session, standaloneProfile, schoolProfile, provider, roles]\\\",\\n    \\\"requestApiAi: requires at least 1 semantic field(s) from [registry, registeredOperations, controls, operations, agentic, requestPolicy, aiPolicy, maxCallsPerOperation, modelPolicy]\\\",\\n    \\\"egress: requires at least 1 semantic field(s) from [standalone, school, crossApp, allowedDestinations, allowedEgress, defaultDeny, networkPolicy, providerEgress]\\\",\\n    \\\"files: requires at least 1 semantic field(s) from [currentBoundary, serverBoundary, uploads, imports, uploadPolicy, importPolicy, quarantine, allowedMimeTypes, maxBytes]\\\",\\n    \\\"dataLifecycle: requires at least 1 semantic field(s) from [classification, storage, retention, deletion, retentionDays, temporaryDataTtlMinutes, securityLogContentPolicy]\\\",\\n    \\\"release: requires at least 1 semantic field(s) from [activeAuthority, promotion, publicAssurance, signing, signedReleaseRequired, antiRollbackRequired, rollback, releasePolicy]\\\",\\n    \\\"inventory: requires at least 1 semantic field(s) from [source, architecturePolicy, changeRule, components, dependencies, inventoryPolicy]\\\",\\n    \\\"securityHealth: requires at least 1 semantic field(s) from [localCi, live, failureMode, checks, monitoring, assurance, healthPolicy]\\\",\\n    \\\"incident: requires at least 1 semantic field(s) from [current, future, response, escalation, contacts, incidentPolicy]\\\",\\n    \\\"recovery: requires at least 1 semantic field(s) from [current, future, rollback, restore, backup, recoveryPolicy]\\\",\\n    \\\"identity.mode: forbidden placeholder value\\\",\\n    \\\"requestApiAi.mode: forbidden placeholder value\\\",\\n    \\\"egress.mode: forbidden placeholder value\\\",\\n    \\\"files.mode: forbidden placeholder value\\\",\\n    \\\"dataLifecycle.mode: forbidden placeholder value\\\",\\n    \\\"release.mode: forbidden placeholder value\\\",\\n    \\\"inventory.mode: forbidden placeholder value\\\",\\n    \\\"securityHealth.mode: forbidden placeholder value\\\",\\n    \\\"incident.mode: forbidden placeholder value\\\",\\n    \\\"recovery.mode: forbidden placeholder value\\\"\\n  ]\\n}\",\n      \"stderr\": \"\"\n    },\n    {\n      \"id\": \"G02-reject-placeholder-substring\",\n      \"expectedExit\": 1,\n      \"actualExit\": 1,\n      \"pass\": true,\n      \"stdout\": \"{\\n  \\\"classification\\\": \\\"CONTRACT_TEST\\\",\\n  \\\"status\\\": \\\"FAIL\\\",\\n  \\\"message\\\": \\\"GARP 2.7 policy is not admissible\\\",\\n  \\\"details\\\": [\\n    \\\"incident.response: placeholder substring: replace-with\\\"\\n  ]\\n}\",\n      \"stderr\": \"\"\n    },\n    {\n      \"id\": \"A04-live-false-pass-rejected\",\n      \"expectedExit\": 1,\n      \"actualExit\": 1,\n      \"pass\": true,\n      \"stdout\": \"{\\n  \\\"classification\\\": \\\"CONTRACT_TEST\\\",\\n  \\\"status\\\": \\\"FAIL\\\",\\n  \\\"message\\\": \\\"False LIVE PASS is forbidden while server phase is deferred\\\",\\n  \\\"details\\\": [\\n    \\\"serverApproval is not APPROVED\\\"\\n  ]\\n}\",\n      \"stderr\": \"\"\n    },\n    {\n      \"id\": \"A04-live-deferred-is-not-tested\",\n      \"expectedExit\": 3,\n      \"actualExit\": 3,\n      \"pass\": true,\n      \"stdout\": \"{\\n  \\\"classification\\\": \\\"LIVE_TEST\\\",\\n  \\\"status\\\": \\\"NOT_TESTED\\\",\\n  \\\"reason\\\": \\\"SERVER_PHASE_DEFERRED\\\",\\n  \\\"serverApproval\\\": \\\"DEFERRED_BY_OWNER_DECISION\\\"\\n}\",\n      \"stderr\": \"\"\n    },\n    {\n      \"id\": \"A06-unsafe-production-is-not-tested\",\n      \"expectedExit\": 3,\n      \"actualExit\": 3,\n      \"pass\": true,\n      \"stdout\": \"{\\n  \\\"classification\\\": \\\"LIVE_TEST\\\",\\n  \\\"status\\\": \\\"NOT_TESTED\\\",\\n  \\\"reason\\\": \\\"PRODUCTION_PRECONDITIONS_NOT_MET\\\",\\n  \\\"testId\\\": \\\"RVP-01\\\"\\n}\",\n      \"stderr\": \"\"\n    },\n    {\n      \"id\": \"A06-safe-approved-production-request\",\n      \"expectedExit\": 0,\n      \"actualExit\": 0,\n      \"pass\": true,\n      \"stdout\": \"{\\n  \\\"classification\\\": \\\"CONTRACT_TEST\\\",\\n  \\\"status\\\": \\\"PASS\\\",\\n  \\\"testId\\\": \\\"RVP-01\\\",\\n  \\\"environment\\\": \\\"production\\\",\\n  \\\"safetyClass\\\": \\\"PROD_SAFE_CONDITIONAL\\\",\\n  \\\"executionAllowed\\\": true\\n}\",\n      \"stderr\": \"\"\n    }\n  ]\n}",
      "stderr": ""
    },
    {
      "id": "g02-reference-contract",
      "expectedExit": 0,
      "actualExit": 0,
      "pass": true,
      "observed": {
        "status": "PASS",
        "checks": 5
      }
    },
    {
      "id": "policy",
      "expectedExit": 0,
      "actualExit": 0,
      "pass": true,
      "stdout": "{\n  \"classification\": \"CONTRACT_TEST\",\n  \"status\": \"PASS\",\n  \"contract\": \"garp27-policy-v1\",\n  \"appId\": \"correspondence\",\n  \"appVersion\": \"5.10.29\",\n  \"inventory\": \"/mnt/data/work_garp_sortio/app/korespondencni-asistent-main/vendor/garp-2.7-consolidated-r2/MASTER/INVENTORY/ecosystem-apps.json\"\n}",
      "stderr": ""
    },
    {
      "id": "live-deferred",
      "expectedExit": 3,
      "actualExit": 3,
      "pass": true,
      "stdout": "{\n  \"classification\": \"LIVE_TEST\",\n  \"status\": \"NOT_TESTED\",\n  \"reason\": \"SERVER_PHASE_DEFERRED\",\n  \"serverApproval\": \"DEFERRED_BY_OWNER_DECISION\"\n}",
      "stderr": ""
    }
  ],
  "summary": {
    "total": 6,
    "passed": 6,
    "failed": 0
  }
}

STDERR
