$ npm run qa:garp27:mutations
EXIT=0

STDOUT

> ghrab-korespondencni-asistent@5.10.29 qa:garp27:mutations
> node scripts/garp27/mutation-tests.mjs

{
  "classification": "GARP27_MUTATION_TEST",
  "status": "PASS",
  "syntheticOnly": true,
  "total": 10,
  "passed": 10,
  "failed": 0,
  "results": [
    {
      "id": "G27-AR-POS",
      "expected": "PASS",
      "observed": "PASS",
      "pass": true,
      "failedChecks": []
    },
    {
      "id": "G27-AR01-forbidden-source-edge",
      "expected": "FAIL",
      "observed": "FAIL",
      "pass": true,
      "failedChecks": [
        "G27-AR01.forbidden-edges"
      ]
    },
    {
      "id": "G27-AR02-production-test-bypass",
      "expected": "FAIL",
      "observed": "FAIL",
      "pass": true,
      "failedChecks": [
        "G27-AR02.no-production-bypass"
      ]
    },
    {
      "id": "G27-AR03-uninventoried-ai-operation",
      "expected": "FAIL",
      "observed": "FAIL",
      "pass": true,
      "failedChecks": [
        "G27-AR03.ai-operation-inventory"
      ]
    },
    {
      "id": "G27-AR03-live-validation-disabled",
      "expected": "FAIL",
      "observed": "FAIL",
      "pass": true,
      "failedChecks": [
        "G27-LIVE.validation-required-standalone-config"
      ]
    },
    {
      "id": "G27-AR03-school-local-key-bypass",
      "expected": "FAIL",
      "observed": "FAIL",
      "pass": true,
      "failedChecks": [
        "G27-AR03.school-egress-mode"
      ]
    },
    {
      "id": "G27-AR04-policy-self-edit",
      "expected": "FAIL",
      "observed": "FAIL",
      "pass": true,
      "failedChecks": [
        "G27-AR04.policy-digest"
      ]
    },
    {
      "id": "G27-AR04-tool-self-edit",
      "expected": "FAIL",
      "observed": "FAIL",
      "pass": true,
      "failedChecks": [
        "G27-AR04.tool-digest:scripts/garp27/architecture-integrity.mjs"
      ]
    },
    {
      "id": "G27-AR05-vendored-master-drift",
      "expected": "FAIL",
      "observed": "FAIL",
      "pass": true,
      "failedChecks": [
        "G27-AR05.vendor-master-digest"
      ]
    },
    {
      "id": "G27-AR05-conflicting-active-authority",
      "expected": "FAIL",
      "observed": "FAIL",
      "pass": true,
      "failedChecks": [
        "G27-AR05.single-active-authority"
      ]
    }
  ]
}

STDERR
