{
  "schema": "garp23-ai-red-structural-v1",
  "generatedAt": "2026-08-29T09:37:50.496Z",
  "canaryId": "MTE6TBXB-N1WBIAX",
  "summary": {
    "structuralPassed": 32,
    "structuralFailed": 0,
    "structuralTotal": 32,
    "structuralStatus": "PASS",
    "behavioralStatus": "NOT_TESTED",
    "rt09Status": "NOT_TESTED",
    "redTeamGateMaximum": "AMBER"
  },
  "negativeControls": [
    {
      "id": "NC-AIRED-TRUST-BOUNDARY",
      "expectedUnsafe": "FAIL",
      "observedUnsafe": "FAIL",
      "expectedSafe": "PASS",
      "observedSafe": "PASS",
      "synthetic": true
    }
  ]
}
