{
  "schema": "ghrab-ks-pinned-inputs-v1",
  "root": "/mnt/data/ks_51025_work",
  "checks": [
    {
      "id": "SHNC-09-github-actions-full-sha",
      "status": "PASS",
      "detail": "{\"uses\":17,\"badUses\":[]}"
    },
    {
      "id": "SH-SC-pinned-direct-npm",
      "status": "PASS",
      "detail": "{\"directDependencies\":3,\"floating\":[]}"
    },
    {
      "id": "SH-SC-lockfile-direct-match",
      "status": "PASS",
      "detail": "{\"lockfileVersion\":3,\"mismatches\":[]}"
    }
  ],
  "summary": {
    "total": 3,
    "passed": 3,
    "failed": 0,
    "status": "PASS"
  }
}
