{
  "schema": "ghrab-p3-browser-result-v1",
  "appId": "correspondence",
  "appVersion": "5.10.12",
  "chromium": "system",
  "result": {
    "checks": {
      "platformPresent": true,
      "version": true,
      "a11yContract": true,
      "performanceContract": true,
      "moduleContract": true,
      "skipLink": true,
      "liveRegion": true,
      "inputName": true,
      "iconName": true,
      "imageAlt": true,
      "dialogName": true,
      "initialFocus": true,
      "tabWrap": true,
      "shiftTabWrap": true,
      "escapeClosed": true,
      "focusReturned": true,
      "announcement": true,
      "performance": true,
      "lazy": true
    },
    "failed": [],
    "activeElement": "launcher",
    "snapshot": {
      "contract": "ghrab-performance-v1",
      "now": 516,
      "domContentLoadedMs": 93.59999999997672,
      "loadMs": 96.40000000002328,
      "transferBytes": 0,
      "decodedBytes": 0,
      "jsHeapUsedBytes": 10000000,
      "resourceCount": 0
    }
  },
  "status": "passed"
}
