{
  "schema": "ghrab-garp22-production-test-boundary-v1",
  "generatedAt": "2026-08-28T19:20:10.996Z",
  "checks": [
    {
      "id": "harness.production-ready",
      "ok": true,
      "detail": {
        "unlockCount": 1,
        "ready": true
      }
    },
    {
      "id": "c03.production-build-flag-off",
      "ok": true,
      "detail": {
        "buildFlag": false,
        "setActive": false,
        "mockAvailable": false,
        "coreTestMode": false,
        "replace": false,
        "modeUnchanged": true,
        "coreTestingType": "undefined",
        "windowRunnerType": "undefined",
        "windowOpenType": "undefined",
        "testApiType": "undefined",
        "runnerError": "TEST_RUNNER_DISABLED",
        "openResult": false,
        "marker": "KEEP"
      }
    },
    {
      "id": "c03.global-activation-inert",
      "ok": true,
      "detail": {
        "buildFlag": false,
        "setActive": false,
        "mockAvailable": false,
        "coreTestMode": false,
        "replace": false,
        "modeUnchanged": true,
        "coreTestingType": "undefined",
        "windowRunnerType": "undefined",
        "windowOpenType": "undefined",
        "testApiType": "undefined",
        "runnerError": "TEST_RUNNER_DISABLED",
        "openResult": false,
        "marker": "KEEP"
      }
    },
    {
      "id": "c03.runtime-replacement-inert",
      "ok": true,
      "detail": {
        "buildFlag": false,
        "setActive": false,
        "mockAvailable": false,
        "coreTestMode": false,
        "replace": false,
        "modeUnchanged": true,
        "coreTestingType": "undefined",
        "windowRunnerType": "undefined",
        "windowOpenType": "undefined",
        "testApiType": "undefined",
        "runnerError": "TEST_RUNNER_DISABLED",
        "openResult": false,
        "marker": "KEEP"
      }
    },
    {
      "id": "c03.core-testing-api-not-exported",
      "ok": true,
      "detail": {
        "buildFlag": false,
        "setActive": false,
        "mockAvailable": false,
        "coreTestMode": false,
        "replace": false,
        "modeUnchanged": true,
        "coreTestingType": "undefined",
        "windowRunnerType": "undefined",
        "windowOpenType": "undefined",
        "testApiType": "undefined",
        "runnerError": "TEST_RUNNER_DISABLED",
        "openResult": false,
        "marker": "KEEP"
      }
    },
    {
      "id": "c08.production-test-runner-not-window-exported",
      "ok": true,
      "detail": {
        "buildFlag": false,
        "setActive": false,
        "mockAvailable": false,
        "coreTestMode": false,
        "replace": false,
        "modeUnchanged": true,
        "coreTestingType": "undefined",
        "windowRunnerType": "undefined",
        "windowOpenType": "undefined",
        "testApiType": "undefined",
        "runnerError": "TEST_RUNNER_DISABLED",
        "openResult": false,
        "marker": "KEEP"
      }
    },
    {
      "id": "c08.production-test-runner-fails-closed",
      "ok": true,
      "detail": {
        "buildFlag": false,
        "setActive": false,
        "mockAvailable": false,
        "coreTestMode": false,
        "replace": false,
        "modeUnchanged": true,
        "coreTestingType": "undefined",
        "windowRunnerType": "undefined",
        "windowOpenType": "undefined",
        "testApiType": "undefined",
        "runnerError": "TEST_RUNNER_DISABLED",
        "openResult": false,
        "marker": "KEEP"
      }
    }
  ],
  "summary": {
    "passed": 7,
    "failed": 0,
    "total": 7,
    "status": "passed"
  }
}
